[
  {
    "id": 123,
    "nome": "Novo Restaurante",
    "proprietario": "ID do Keycloack"
  },
  {
    "id": 234,
    "nome": "Novo Restaurante 2",
    "proprietario": "ID do Keycloack 2"
  }
]